$ node scripts/copy-assets.mjs && next build
Copied MapLibre 6.11.2 worker and geo data to public/
▲ Next.js 16.3.8 (Turbopack)
✓ Running next.config.ts took 12ms

  Creating an optimized production build ...
✓ Compiled successfully in 326ms
  Running TypeScript ...
  Finished TypeScript in 1708ms ...
  Collecting page data using 8 workers ...
  Generating static pages using 8 workers (0/6) ...
  Generating static pages using 8 workers (1/6) 
  Generating static pages using 8 workers (2/6) 
  Generating static pages using 8 workers (4/6) 
✓ Generating static pages using 8 workers (6/6) in 266ms
  Finalizing page optimization ...

Route (app)
┌ ○ /
├ ○ /_not-found
├ ƒ /api/trpc/[trpc]
├ ○ /map
├ ○ /privacy-policy
└ ○ /terms-of-service


○  (Static)   prerendered as static content
ƒ  (Dynamic)  server-rendered on demand

